------------------------------------------------------------
TimeQuest Timing Analyzer Summary
------------------------------------------------------------

Type  : Slow 1100mV 85C Model Setup 'CLOCK_50'
Slack : -7.582
TNS   : -907.744

Type  : Slow 1100mV 85C Model Setup 'audio_codec:my_audio_codec|Altera_UP_Audio_Out_Serializer:Audio_Out_Serializer|left_channel_fifo_write_space[0]'
Slack : -5.666
TNS   : -245.465

Type  : Slow 1100mV 85C Model Hold 'CLOCK_50'
Slack : 0.296
TNS   : 0.000

Type  : Slow 1100mV 85C Model Hold 'audio_codec:my_audio_codec|Altera_UP_Audio_Out_Serializer:Audio_Out_Serializer|left_channel_fifo_write_space[0]'
Slack : 3.310
TNS   : 0.000

Type  : Slow 1100mV 85C Model Minimum Pulse Width 'CLOCK_50'
Slack : -2.174
TNS   : -675.268

Type  : Slow 1100mV 85C Model Minimum Pulse Width 'audio_codec:my_audio_codec|Altera_UP_Audio_Out_Serializer:Audio_Out_Serializer|left_channel_fifo_write_space[0]'
Slack : 0.110
TNS   : 0.000

Type  : Slow 1100mV 85C Model Minimum Pulse Width 'my_clock_gen|DE_Clock_Generator_Audio|auto_generated|generic_pll1~FRACTIONAL_PLL|vcoph[0]'
Slack : 1.322
TNS   : 0.000

Type  : Slow 1100mV 85C Model Minimum Pulse Width 'CLOCK2_50'
Slack : 18.418
TNS   : 0.000

Type  : Slow 1100mV 0C Model Setup 'CLOCK_50'
Slack : -7.463
TNS   : -857.081

Type  : Slow 1100mV 0C Model Setup 'audio_codec:my_audio_codec|Altera_UP_Audio_Out_Serializer:Audio_Out_Serializer|left_channel_fifo_write_space[0]'
Slack : -5.912
TNS   : -256.317

Type  : Slow 1100mV 0C Model Hold 'CLOCK_50'
Slack : 0.284
TNS   : 0.000

Type  : Slow 1100mV 0C Model Hold 'audio_codec:my_audio_codec|Altera_UP_Audio_Out_Serializer:Audio_Out_Serializer|left_channel_fifo_write_space[0]'
Slack : 3.490
TNS   : 0.000

Type  : Slow 1100mV 0C Model Minimum Pulse Width 'CLOCK_50'
Slack : -2.174
TNS   : -686.942

Type  : Slow 1100mV 0C Model Minimum Pulse Width 'audio_codec:my_audio_codec|Altera_UP_Audio_Out_Serializer:Audio_Out_Serializer|left_channel_fifo_write_space[0]'
Slack : 0.169
TNS   : 0.000

Type  : Slow 1100mV 0C Model Minimum Pulse Width 'my_clock_gen|DE_Clock_Generator_Audio|auto_generated|generic_pll1~FRACTIONAL_PLL|vcoph[0]'
Slack : 1.322
TNS   : 0.000

Type  : Slow 1100mV 0C Model Minimum Pulse Width 'CLOCK2_50'
Slack : 18.444
TNS   : 0.000

Type  : Fast 1100mV 85C Model Setup 'CLOCK_50'
Slack : -4.551
TNS   : -426.953

Type  : Fast 1100mV 85C Model Setup 'audio_codec:my_audio_codec|Altera_UP_Audio_Out_Serializer:Audio_Out_Serializer|left_channel_fifo_write_space[0]'
Slack : -3.029
TNS   : -125.828

Type  : Fast 1100mV 85C Model Hold 'CLOCK_50'
Slack : 0.171
TNS   : 0.000

Type  : Fast 1100mV 85C Model Hold 'audio_codec:my_audio_codec|Altera_UP_Audio_Out_Serializer:Audio_Out_Serializer|left_channel_fifo_write_space[0]'
Slack : 2.046
TNS   : 0.000

Type  : Fast 1100mV 85C Model Minimum Pulse Width 'CLOCK_50'
Slack : -2.174
TNS   : -544.210

Type  : Fast 1100mV 85C Model Minimum Pulse Width 'audio_codec:my_audio_codec|Altera_UP_Audio_Out_Serializer:Audio_Out_Serializer|left_channel_fifo_write_space[0]'
Slack : 0.276
TNS   : 0.000

Type  : Fast 1100mV 85C Model Minimum Pulse Width 'my_clock_gen|DE_Clock_Generator_Audio|auto_generated|generic_pll1~FRACTIONAL_PLL|vcoph[0]'
Slack : 1.322
TNS   : 0.000

Type  : Fast 1100mV 85C Model Minimum Pulse Width 'CLOCK2_50'
Slack : 18.161
TNS   : 0.000

Type  : Fast 1100mV 0C Model Setup 'CLOCK_50'
Slack : -3.959
TNS   : -344.526

Type  : Fast 1100mV 0C Model Setup 'audio_codec:my_audio_codec|Altera_UP_Audio_Out_Serializer:Audio_Out_Serializer|left_channel_fifo_write_space[0]'
Slack : -2.986
TNS   : -126.250

Type  : Fast 1100mV 0C Model Hold 'CLOCK_50'
Slack : 0.161
TNS   : 0.000

Type  : Fast 1100mV 0C Model Hold 'audio_codec:my_audio_codec|Altera_UP_Audio_Out_Serializer:Audio_Out_Serializer|left_channel_fifo_write_space[0]'
Slack : 2.112
TNS   : 0.000

Type  : Fast 1100mV 0C Model Minimum Pulse Width 'CLOCK_50'
Slack : -2.174
TNS   : -544.497

Type  : Fast 1100mV 0C Model Minimum Pulse Width 'audio_codec:my_audio_codec|Altera_UP_Audio_Out_Serializer:Audio_Out_Serializer|left_channel_fifo_write_space[0]'
Slack : 0.321
TNS   : 0.000

Type  : Fast 1100mV 0C Model Minimum Pulse Width 'my_clock_gen|DE_Clock_Generator_Audio|auto_generated|generic_pll1~FRACTIONAL_PLL|vcoph[0]'
Slack : 1.322
TNS   : 0.000

Type  : Fast 1100mV 0C Model Minimum Pulse Width 'CLOCK2_50'
Slack : 18.150
TNS   : 0.000

------------------------------------------------------------
